============================= test session starts =============================
platform win32 -- Python 3.10.8, pytest-8.3.1, pluggy-1.6.0
rootdir: C:\Users\Ben\AntiGravity\classroom-chat\backend
configfile: pytest.ini
plugins: anyio-4.13.0, base-url-2.1.0, flask-1.3.0, playwright-0.7.2
collected 34 items

tests\app\routes\test_challenge_routes.py E.EEEEEE...................... [ 88%]
....                                                                     [100%]

=================================== ERRORS ====================================
_________________ ERROR at setup of test_submit_challenge_get _________________

client = <FlaskClient <Flask 'application'>>

    @pytest.fixture
    def mock_render_template(client):
        """
        Robust mock for render_template that captures message arguments.
        """
    
        def side_effect(template_name_or_list, **context):
            # 1. Check if 'message' was passed explicitly as a keyword argument
            if "message" in context:
                return context["message"]
    
            # 2. Check if it's inside a 'context' dict
            if "context" in context and isinstance(context["context"], dict):
                return context["context"].get("message", "Mocked Template Content")
    
            # 3. Fallback
            return "Mocked Template Content"
    
>       with patch(
            "application.routes.challenge_routes.render_template", side_effect=side_effect
        ) as mock:

tests\conftest.py:627: 
_ _ _ _ _ _ _ _ _ _ _ _ _ _ _ _ _ _ _ _ _ _ _ _ _ _ _ _ _ _ _ _ _ _ _ _ _ _ _ _
..\..\..\AppData\Local\Programs\Python\Python310\lib\unittest\mock.py:1437: in __enter__
    original, local = self.get_original()
_ _ _ _ _ _ _ _ _ _ _ _ _ _ _ _ _ _ _ _ _ _ _ _ _ _ _ _ _ _ _ _ _ _ _ _ _ _ _ _

self = <unittest.mock._patch object at 0x00000281E8C84BB0>

    def get_original(self):
        target = self.getter()
        name = self.attribute
    
        original = DEFAULT
        local = False
    
        try:
            original = target.__dict__[name]
        except (AttributeError, KeyError):
            original = getattr(target, name, DEFAULT)
        else:
            local = True
    
        if name in _builtins and isinstance(target, ModuleType):
            self.create = True
    
        if not self.create and original is DEFAULT:
>           raise AttributeError(
                "%s does not have the attribute %r" % (target, name)
            )
E           AttributeError: <module 'application.routes.challenge_routes' from 'C:\\Users\\Ben\\AntiGravity\\classroom-chat\\backend\\application\\routes\\challenge_routes.py'> does not have the attribute 'render_template'

..\..\..\AppData\Local\Programs\Python\Python310\lib\unittest\mock.py:1410: AttributeError
---------------------------- Captured stderr setup ----------------------------
INFO:apscheduler.scheduler:Adding job tentatively -- it will be properly scheduled when the scheduler starts
2026-05-24 14:26:24,898 - apscheduler.scheduler - INFO - Adding job tentatively -- it will be properly scheduled when the scheduler starts
INFO:apscheduler.scheduler:Added job "scheduled_cleanup" to job store "default"
2026-05-24 14:26:25,028 - apscheduler.scheduler - INFO - Added job "scheduled_cleanup" to job store "default"
INFO:apscheduler.scheduler:Scheduler started
2026-05-24 14:26:25,028 - apscheduler.scheduler - INFO - Scheduler started
INFO:application:Seeded 'global' classroom.
2026-05-24 14:26:25,033 - application - INFO - Seeded 'global' classroom.
INFO:application:Seeded 'archive' classroom.
2026-05-24 14:26:25,035 - application - INFO - Seeded 'archive' classroom.
INFO:application:Seeded global conversation id=1.
2026-05-24 14:26:25,043 - application - INFO - Seeded global conversation id=1.
INFO:application:GLOBAL_CONVERSATION_ID = 1
2026-05-24 14:26:25,052 - application - INFO - GLOBAL_CONVERSATION_ID = 1
----------------------------- Captured log setup ------------------------------
INFO     apscheduler.scheduler:base.py:507 Adding job tentatively -- it will be properly scheduled when the scheduler starts
INFO     apscheduler.scheduler:base.py:1090 Added job "scheduled_cleanup" to job store "default"
INFO     apscheduler.scheduler:base.py:214 Scheduler started
INFO     application:__init__.py:248 Seeded 'global' classroom.
INFO     application:__init__.py:258 Seeded 'archive' classroom.
INFO     application:__init__.py:274 Seeded global conversation id=1.
INFO     application:__init__.py:280 GLOBAL_CONVERSATION_ID = 1
_______________ ERROR at setup of test_submit_challenge_no_url ________________

client = <FlaskClient <Flask 'application'>>

    @pytest.fixture
    def mock_render_template(client):
        """
        Robust mock for render_template that captures message arguments.
        """
    
        def side_effect(template_name_or_list, **context):
            # 1. Check if 'message' was passed explicitly as a keyword argument
            if "message" in context:
                return context["message"]
    
            # 2. Check if it's inside a 'context' dict
            if "context" in context and isinstance(context["context"], dict):
                return context["context"].get("message", "Mocked Template Content")
    
            # 3. Fallback
            return "Mocked Template Content"
    
>       with patch(
            "application.routes.challenge_routes.render_template", side_effect=side_effect
        ) as mock:

tests\conftest.py:627: 
_ _ _ _ _ _ _ _ _ _ _ _ _ _ _ _ _ _ _ _ _ _ _ _ _ _ _ _ _ _ _ _ _ _ _ _ _ _ _ _
..\..\..\AppData\Local\Programs\Python\Python310\lib\unittest\mock.py:1437: in __enter__
    original, local = self.get_original()
_ _ _ _ _ _ _ _ _ _ _ _ _ _ _ _ _ _ _ _ _ _ _ _ _ _ _ _ _ _ _ _ _ _ _ _ _ _ _ _

self = <unittest.mock._patch object at 0x00000281E8CC6920>

    def get_original(self):
        target = self.getter()
        name = self.attribute
    
        original = DEFAULT
        local = False
    
        try:
            original = target.__dict__[name]
        except (AttributeError, KeyError):
            original = getattr(target, name, DEFAULT)
        else:
            local = True
    
        if name in _builtins and isinstance(target, ModuleType):
            self.create = True
    
        if not self.create and original is DEFAULT:
>           raise AttributeError(
                "%s does not have the attribute %r" % (target, name)
            )
E           AttributeError: <module 'application.routes.challenge_routes' from 'C:\\Users\\Ben\\AntiGravity\\classroom-chat\\backend\\application\\routes\\challenge_routes.py'> does not have the attribute 'render_template'

..\..\..\AppData\Local\Programs\Python\Python310\lib\unittest\mock.py:1410: AttributeError
_______________ ERROR at setup of test_submit_challenge_success _______________

client = <FlaskClient <Flask 'application'>>

    @pytest.fixture
    def mock_render_template(client):
        """
        Robust mock for render_template that captures message arguments.
        """
    
        def side_effect(template_name_or_list, **context):
            # 1. Check if 'message' was passed explicitly as a keyword argument
            if "message" in context:
                return context["message"]
    
            # 2. Check if it's inside a 'context' dict
            if "context" in context and isinstance(context["context"], dict):
                return context["context"].get("message", "Mocked Template Content")
    
            # 3. Fallback
            return "Mocked Template Content"
    
>       with patch(
            "application.routes.challenge_routes.render_template", side_effect=side_effect
        ) as mock:

tests\conftest.py:627: 
_ _ _ _ _ _ _ _ _ _ _ _ _ _ _ _ _ _ _ _ _ _ _ _ _ _ _ _ _ _ _ _ _ _ _ _ _ _ _ _
..\..\..\AppData\Local\Programs\Python\Python310\lib\unittest\mock.py:1437: in __enter__
    original, local = self.get_original()
_ _ _ _ _ _ _ _ _ _ _ _ _ _ _ _ _ _ _ _ _ _ _ _ _ _ _ _ _ _ _ _ _ _ _ _ _ _ _ _

self = <unittest.mock._patch object at 0x00000281E8CC6F50>

    def get_original(self):
        target = self.getter()
        name = self.attribute
    
        original = DEFAULT
        local = False
    
        try:
            original = target.__dict__[name]
        except (AttributeError, KeyError):
            original = getattr(target, name, DEFAULT)
        else:
            local = True
    
        if name in _builtins and isinstance(target, ModuleType):
            self.create = True
    
        if not self.create and original is DEFAULT:
>           raise AttributeError(
                "%s does not have the attribute %r" % (target, name)
            )
E           AttributeError: <module 'application.routes.challenge_routes' from 'C:\\Users\\Ben\\AntiGravity\\classroom-chat\\backend\\application\\routes\\challenge_routes.py'> does not have the attribute 'render_template'

..\..\..\AppData\Local\Programs\Python\Python310\lib\unittest\mock.py:1410: AttributeError
_______________ ERROR at setup of test_submit_challenge_failed ________________

client = <FlaskClient <Flask 'application'>>

    @pytest.fixture
    def mock_render_template(client):
        """
        Robust mock for render_template that captures message arguments.
        """
    
        def side_effect(template_name_or_list, **context):
            # 1. Check if 'message' was passed explicitly as a keyword argument
            if "message" in context:
                return context["message"]
    
            # 2. Check if it's inside a 'context' dict
            if "context" in context and isinstance(context["context"], dict):
                return context["context"].get("message", "Mocked Template Content")
    
            # 3. Fallback
            return "Mocked Template Content"
    
>       with patch(
            "application.routes.challenge_routes.render_template", side_effect=side_effect
        ) as mock:

tests\conftest.py:627: 
_ _ _ _ _ _ _ _ _ _ _ _ _ _ _ _ _ _ _ _ _ _ _ _ _ _ _ _ _ _ _ _ _ _ _ _ _ _ _ _
..\..\..\AppData\Local\Programs\Python\Python310\lib\unittest\mock.py:1437: in __enter__
    original, local = self.get_original()
_ _ _ _ _ _ _ _ _ _ _ _ _ _ _ _ _ _ _ _ _ _ _ _ _ _ _ _ _ _ _ _ _ _ _ _ _ _ _ _

self = <unittest.mock._patch object at 0x00000281E8CC7640>

    def get_original(self):
        target = self.getter()
        name = self.attribute
    
        original = DEFAULT
        local = False
    
        try:
            original = target.__dict__[name]
        except (AttributeError, KeyError):
            original = getattr(target, name, DEFAULT)
        else:
            local = True
    
        if name in _builtins and isinstance(target, ModuleType):
            self.create = True
    
        if not self.create and original is DEFAULT:
>           raise AttributeError(
                "%s does not have the attribute %r" % (target, name)
            )
E           AttributeError: <module 'application.routes.challenge_routes' from 'C:\\Users\\Ben\\AntiGravity\\classroom-chat\\backend\\application\\routes\\challenge_routes.py'> does not have the attribute 'render_template'

..\..\..\AppData\Local\Programs\Python\Python310\lib\unittest\mock.py:1410: AttributeError
__________ ERROR at setup of test_submit_challenge_no_configuration ___________

client = <FlaskClient <Flask 'application'>>

    @pytest.fixture
    def mock_render_template(client):
        """
        Robust mock for render_template that captures message arguments.
        """
    
        def side_effect(template_name_or_list, **context):
            # 1. Check if 'message' was passed explicitly as a keyword argument
            if "message" in context:
                return context["message"]
    
            # 2. Check if it's inside a 'context' dict
            if "context" in context and isinstance(context["context"], dict):
                return context["context"].get("message", "Mocked Template Content")
    
            # 3. Fallback
            return "Mocked Template Content"
    
>       with patch(
            "application.routes.challenge_routes.render_template", side_effect=side_effect
        ) as mock:

tests\conftest.py:627: 
_ _ _ _ _ _ _ _ _ _ _ _ _ _ _ _ _ _ _ _ _ _ _ _ _ _ _ _ _ _ _ _ _ _ _ _ _ _ _ _
..\..\..\AppData\Local\Programs\Python\Python310\lib\unittest\mock.py:1437: in __enter__
    original, local = self.get_original()
_ _ _ _ _ _ _ _ _ _ _ _ _ _ _ _ _ _ _ _ _ _ _ _ _ _ _ _ _ _ _ _ _ _ _ _ _ _ _ _

self = <unittest.mock._patch object at 0x00000281E8E1F790>

    def get_original(self):
        target = self.getter()
        name = self.attribute
    
        original = DEFAULT
        local = False
    
        try:
            original = target.__dict__[name]
        except (AttributeError, KeyError):
            original = getattr(target, name, DEFAULT)
        else:
            local = True
    
        if name in _builtins and isinstance(target, ModuleType):
            self.create = True
    
        if not self.create and original is DEFAULT:
>           raise AttributeError(
                "%s does not have the attribute %r" % (target, name)
            )
E           AttributeError: <module 'application.routes.challenge_routes' from 'C:\\Users\\Ben\\AntiGravity\\classroom-chat\\backend\\application\\routes\\challenge_routes.py'> does not have the attribute 'render_template'

..\..\..\AppData\Local\Programs\Python\Python310\lib\unittest\mock.py:1410: AttributeError
_____________ ERROR at setup of test_submit_challenge_with_helper _____________

client = <FlaskClient <Flask 'application'>>

    @pytest.fixture
    def mock_render_template(client):
        """
        Robust mock for render_template that captures message arguments.
        """
    
        def side_effect(template_name_or_list, **context):
            # 1. Check if 'message' was passed explicitly as a keyword argument
            if "message" in context:
                return context["message"]
    
            # 2. Check if it's inside a 'context' dict
            if "context" in context and isinstance(context["context"], dict):
                return context["context"].get("message", "Mocked Template Content")
    
            # 3. Fallback
            return "Mocked Template Content"
    
>       with patch(
            "application.routes.challenge_routes.render_template", side_effect=side_effect
        ) as mock:

tests\conftest.py:627: 
_ _ _ _ _ _ _ _ _ _ _ _ _ _ _ _ _ _ _ _ _ _ _ _ _ _ _ _ _ _ _ _ _ _ _ _ _ _ _ _
..\..\..\AppData\Local\Programs\Python\Python310\lib\unittest\mock.py:1437: in __enter__
    original, local = self.get_original()
_ _ _ _ _ _ _ _ _ _ _ _ _ _ _ _ _ _ _ _ _ _ _ _ _ _ _ _ _ _ _ _ _ _ _ _ _ _ _ _

self = <unittest.mock._patch object at 0x00000281E8DB4880>

    def get_original(self):
        target = self.getter()
        name = self.attribute
    
        original = DEFAULT
        local = False
    
        try:
            original = target.__dict__[name]
        except (AttributeError, KeyError):
            original = getattr(target, name, DEFAULT)
        else:
            local = True
    
        if name in _builtins and isinstance(target, ModuleType):
            self.create = True
    
        if not self.create and original is DEFAULT:
>           raise AttributeError(
                "%s does not have the attribute %r" % (target, name)
            )
E           AttributeError: <module 'application.routes.challenge_routes' from 'C:\\Users\\Ben\\AntiGravity\\classroom-chat\\backend\\application\\routes\\challenge_routes.py'> does not have the attribute 'render_template'

..\..\..\AppData\Local\Programs\Python\Python310\lib\unittest\mock.py:1410: AttributeError
_____________ ERROR at setup of test_submit_challenge_with_notes ______________

client = <FlaskClient <Flask 'application'>>

    @pytest.fixture
    def mock_render_template(client):
        """
        Robust mock for render_template that captures message arguments.
        """
    
        def side_effect(template_name_or_list, **context):
            # 1. Check if 'message' was passed explicitly as a keyword argument
            if "message" in context:
                return context["message"]
    
            # 2. Check if it's inside a 'context' dict
            if "context" in context and isinstance(context["context"], dict):
                return context["context"].get("message", "Mocked Template Content")
    
            # 3. Fallback
            return "Mocked Template Content"
    
>       with patch(
            "application.routes.challenge_routes.render_template", side_effect=side_effect
        ) as mock:

tests\conftest.py:627: 
_ _ _ _ _ _ _ _ _ _ _ _ _ _ _ _ _ _ _ _ _ _ _ _ _ _ _ _ _ _ _ _ _ _ _ _ _ _ _ _
..\..\..\AppData\Local\Programs\Python\Python310\lib\unittest\mock.py:1437: in __enter__
    original, local = self.get_original()
_ _ _ _ _ _ _ _ _ _ _ _ _ _ _ _ _ _ _ _ _ _ _ _ _ _ _ _ _ _ _ _ _ _ _ _ _ _ _ _

self = <unittest.mock._patch object at 0x00000281E8E3AFB0>

    def get_original(self):
        target = self.getter()
        name = self.attribute
    
        original = DEFAULT
        local = False
    
        try:
            original = target.__dict__[name]
        except (AttributeError, KeyError):
            original = getattr(target, name, DEFAULT)
        else:
            local = True
    
        if name in _builtins and isinstance(target, ModuleType):
            self.create = True
    
        if not self.create and original is DEFAULT:
>           raise AttributeError(
                "%s does not have the attribute %r" % (target, name)
            )
E           AttributeError: <module 'application.routes.challenge_routes' from 'C:\\Users\\Ben\\AntiGravity\\classroom-chat\\backend\\application\\routes\\challenge_routes.py'> does not have the attribute 'render_template'

..\..\..\AppData\Local\Programs\Python\Python310\lib\unittest\mock.py:1410: AttributeError
=========================== short test summary info ===========================
ERROR tests/app/routes/test_challenge_routes.py::test_submit_challenge_get - ...
ERROR tests/app/routes/test_challenge_routes.py::test_submit_challenge_no_url
ERROR tests/app/routes/test_challenge_routes.py::test_submit_challenge_success
ERROR tests/app/routes/test_challenge_routes.py::test_submit_challenge_failed
ERROR tests/app/routes/test_challenge_routes.py::test_submit_challenge_no_configuration
ERROR tests/app/routes/test_challenge_routes.py::test_submit_challenge_with_helper
ERROR tests/app/routes/test_challenge_routes.py::test_submit_challenge_with_notes
======================== 27 passed, 7 errors in 3.71s =========================
